[http://localhost/]

Dear John Smith,

Your account balance has been updated at Main Website Store
[http://localhost/]. Balance Update: 1 REWARD POINT
Comment:
Balance Total: 4 REWARD POINTS

Thank you,
MAIN WEBSITE STORE

To unsubscribe from points expiring notification click here
[http://localhost/rewards/account/unsubscribe/]

About Us [4]

Customer Service [5]

, ,